// Jest Snapshot v1, https://goo.gl/fbAQLP

exports[`index Testando interface com snapshots 1`] = `
<div
  className="App"
>
  <div
    className="Barra"
  >
    <p
      className="PBarra"
    >
      Caio Books
    </p>
    <div
      className="Canto"
    >
      <button
        className="BtnCarrinho"
        onClick={[Function]}
      >
        Carrinho
      </button>
    </div>
  </div>
  <div
    className="Elemento"
  >
    <div>
      <div
        className="Titulo"
      >
        <h2
          className="HeaderTitulo"
        >
          Combined Print and E-Book Fiction
        </h2>
        <div
          className="InserirDiv"
        >
          <button
            className="Inserir"
            onClick={[Function]}
          >
            Inserir Livro
          </button>
          <form
            className="FormInserir"
            onSubmit={[Function]}
          >
            <div>
              <input
                className="InserirTitulo"
                onChange={[Function]}
                type="text"
                value=""
              />
              <input
                className="InserirAutor"
                onChange={[Function]}
                type="text"
                value=""
              />
              <input
                className="InserirEditora"
                onChange={[Function]}
                type="text"
                value=""
              />
              <input
                className="InserirData"
                onChange={[Function]}
                type="Date"
                value=""
              />
            </div>
            <input
              type="submit"
            />
          </form>
        </div>
        <button
          className="Buscar"
        >
          Buscar Livro
        </button>
      </div>
      <hr />
      <div
        className="Categoria"
      >
        <div
          className="Livro"
        >
          <div
            className="Card"
          >
            <div
              className="Capa"
            >
              <p
                className="PCapa"
              >
                Capa
              </p>
            </div>
            <p
              className="TituloLivro"
            >
              THE RECKONING
            </p>
            <p
              className="Autor"
            >
              John Grisham
            </p>
            <p
              className="Editora"
            >
              Doubleday
            </p>
            <p
              className="Data"
            >
              2018-12-30
            </p>
          </div>
          <div
            className="Botoes"
          >
            <button
              className="BtnDescr"
            >
              Descr
            </button>
            <button
              className="BtnAdd"
              onClick={[Function]}
            >
              Add
            </button>
          </div>
        </div>
        <div
          className="Livro"
        >
          <div
            className="Card"
          >
            <div
              className="Capa"
            >
              <p
                className="PCapa"
              >
                Capa
              </p>
            </div>
            <p
              className="TituloLivro"
            >
              EVERY BREATH
            </p>
            <p
              className="Autor"
            >
              Nicholas Sparks
            </p>
            <p
              className="Editora"
            >
              Grand Central
            </p>
            <p
              className="Data"
            >
              2018-12-30
            </p>
          </div>
          <div
            className="Botoes"
          >
            <button
              className="BtnDescr"
            >
              Descr
            </button>
            <button
              className="BtnAdd"
              onClick={[Function]}
            >
              Add
            </button>
          </div>
        </div>
        <div
          className="Livro"
        >
          <div
            className="Card"
          >
            <div
              className="Capa"
            >
              <p
                className="PCapa"
              >
                Capa
              </p>
            </div>
            <p
              className="TituloLivro"
            >
              WHERE THE CRAWDADS SING
            </p>
            <p
              className="Autor"
            >
              Delia Owens
            </p>
            <p
              className="Editora"
            >
              Putnam
            </p>
            <p
              className="Data"
            >
              2018-12-30
            </p>
          </div>
          <div
            className="Botoes"
          >
            <button
              className="BtnDescr"
            >
              Descr
            </button>
            <button
              className="BtnAdd"
              onClick={[Function]}
            >
              Add
            </button>
          </div>
        </div>
        <div
          className="Livro"
        >
          <div
            className="Card"
          >
            <div
              className="Capa"
            >
              <p
                className="PCapa"
              >
                Capa
              </p>
            </div>
            <p
              className="TituloLivro"
            >
              FIRE AND BLOOD
            </p>
            <p
              className="Autor"
            >
              George RR Martin
            </p>
            <p
              className="Editora"
            >
              Bantam
            </p>
            <p
              className="Data"
            >
              2018-12-30
            </p>
          </div>
          <div
            className="Botoes"
          >
            <button
              className="BtnDescr"
            >
              Descr
            </button>
            <button
              className="BtnAdd"
              onClick={[Function]}
            >
              Add
            </button>
          </div>
        </div>
        <div
          className="Livro"
        >
          <div
            className="Card"
          >
            <div
              className="Capa"
            >
              <p
                className="PCapa"
              >
                Capa
              </p>
            </div>
            <p
              className="TituloLivro"
            >
              TARGET: ALEX CROSS
            </p>
            <p
              className="Autor"
            >
              James Patterson
            </p>
            <p
              className="Editora"
            >
              Little, Brown
            </p>
            <p
              className="Data"
            >
              2018-12-30
            </p>
          </div>
          <div
            className="Botoes"
          >
            <button
              className="BtnDescr"
            >
              Descr
            </button>
            <button
              className="BtnAdd"
              onClick={[Function]}
            >
              Add
            </button>
          </div>
        </div>
        <div
          className="Livro"
        >
          <div
            className="Card"
          >
            <div
              className="Capa"
            >
              <p
                className="PCapa"
              >
                Capa
              </p>
            </div>
            <p
              className="TituloLivro"
            >
              PAST TENSE
            </p>
            <p
              className="Autor"
            >
              Lee Child
            </p>
            <p
              className="Editora"
            >
              Delacorte
            </p>
            <p
              className="Data"
            >
              2018-12-30
            </p>
          </div>
          <div
            className="Botoes"
          >
            <button
              className="BtnDescr"
            >
              Descr
            </button>
            <button
              className="BtnAdd"
              onClick={[Function]}
            >
              Add
            </button>
          </div>
        </div>
        <div
          className="Livro"
        >
          <div
            className="Card"
          >
            <div
              className="Capa"
            >
              <p
                className="PCapa"
              >
                Capa
              </p>
            </div>
            <p
              className="TituloLivro"
            >
              LONG ROAD TO MERCY
            </p>
            <p
              className="Autor"
            >
              David Baldacci
            </p>
            <p
              className="Editora"
            >
              Grand Central Publishing
            </p>
            <p
              className="Data"
            >
              2018-12-30
            </p>
          </div>
          <div
            className="Botoes"
          >
            <button
              className="BtnDescr"
            >
              Descr
            </button>
            <button
              className="BtnAdd"
              onClick={[Function]}
            >
              Add
            </button>
          </div>
        </div>
        <div
          className="Livro"
        >
          <div
            className="Card"
          >
            <div
              className="Capa"
            >
              <p
                className="PCapa"
              >
                Capa
              </p>
            </div>
            <p
              className="TituloLivro"
            >
              OF BLOOD AND BONE
            </p>
            <p
              className="Autor"
            >
              Nora Roberts
            </p>
            <p
              className="Editora"
            >
              St. Martin's
            </p>
            <p
              className="Data"
            >
              2018-12-30
            </p>
          </div>
          <div
            className="Botoes"
          >
            <button
              className="BtnDescr"
            >
              Descr
            </button>
            <button
              className="BtnAdd"
              onClick={[Function]}
            >
              Add
            </button>
          </div>
        </div>
        <div
          className="Livro"
        >
          <div
            className="Card"
          >
            <div
              className="Capa"
            >
              <p
                className="PCapa"
              >
                Capa
              </p>
            </div>
            <p
              className="TituloLivro"
            >
              NINE PERFECT STRANGERS
            </p>
            <p
              className="Autor"
            >
              Liane Moriarty
            </p>
            <p
              className="Editora"
            >
              Flatiron
            </p>
            <p
              className="Data"
            >
              2018-12-30
            </p>
          </div>
          <div
            className="Botoes"
          >
            <button
              className="BtnDescr"
            >
              Descr
            </button>
            <button
              className="BtnAdd"
              onClick={[Function]}
            >
              Add
            </button>
          </div>
        </div>
        <div
          className="Livro"
        >
          <div
            className="Card"
          >
            <div
              className="Capa"
            >
              <p
                className="PCapa"
              >
                Capa
              </p>
            </div>
            <p
              className="TituloLivro"
            >
              THE TATTOOIST OF AUSCHWITZ
            </p>
            <p
              className="Autor"
            >
              Heather Morris
            </p>
            <p
              className="Editora"
            >
              Harper
            </p>
            <p
              className="Data"
            >
              2018-12-30
            </p>
          </div>
          <div
            className="Botoes"
          >
            <button
              className="BtnDescr"
            >
              Descr
            </button>
            <button
              className="BtnAdd"
              onClick={[Function]}
            >
              Add
            </button>
          </div>
        </div>
        <div
          className="Livro"
        >
          <div
            className="Card"
          >
            <div
              className="Capa"
            >
              <p
                className="PCapa"
              >
                Capa
              </p>
            </div>
            <p
              className="TituloLivro"
            >
              A DOG'S WAY HOME
            </p>
            <p
              className="Autor"
            >
              W Bruce Cameron
            </p>
            <p
              className="Editora"
            >
              Forge
            </p>
            <p
              className="Data"
            >
              2018-12-30
            </p>
          </div>
          <div
            className="Botoes"
          >
            <button
              className="BtnDescr"
            >
              Descr
            </button>
            <button
              className="BtnAdd"
              onClick={[Function]}
            >
              Add
            </button>
          </div>
        </div>
        <div
          className="Livro"
        >
          <div
            className="Card"
          >
            <div
              className="Capa"
            >
              <p
                className="PCapa"
              >
                Capa
              </p>
            </div>
            <p
              className="TituloLivro"
            >
              LOOK ALIVE TWENTY-FIVE
            </p>
            <p
              className="Autor"
            >
              Janet Evanovich
            </p>
            <p
              className="Editora"
            >
              Putnam
            </p>
            <p
              className="Data"
            >
              2018-12-30
            </p>
          </div>
          <div
            className="Botoes"
          >
            <button
              className="BtnDescr"
            >
              Descr
            </button>
            <button
              className="BtnAdd"
              onClick={[Function]}
            >
              Add
            </button>
          </div>
        </div>
        <div
          className="Livro"
        >
          <div
            className="Card"
          >
            <div
              className="Capa"
            >
              <p
                className="PCapa"
              >
                Capa
              </p>
            </div>
            <p
              className="TituloLivro"
            >
              THE NEXT PERSON YOU MEET IN HEAVEN
            </p>
            <p
              className="Autor"
            >
              Mitch Albom
            </p>
            <p
              className="Editora"
            >
              Harper
            </p>
            <p
              className="Data"
            >
              2018-12-30
            </p>
          </div>
          <div
            className="Botoes"
          >
            <button
              className="BtnDescr"
            >
              Descr
            </button>
            <button
              className="BtnAdd"
              onClick={[Function]}
            >
              Add
            </button>
          </div>
        </div>
        <div
          className="Livro"
        >
          <div
            className="Card"
          >
            <div
              className="Capa"
            >
              <p
                className="PCapa"
              >
                Capa
              </p>
            </div>
            <p
              className="TituloLivro"
            >
              KINGDOM OF THE BLIND
            </p>
            <p
              className="Autor"
            >
              Louise Penny
            </p>
            <p
              className="Editora"
            >
              Minotaur
            </p>
            <p
              className="Data"
            >
              2018-12-30
            </p>
          </div>
          <div
            className="Botoes"
          >
            <button
              className="BtnDescr"
            >
              Descr
            </button>
            <button
              className="BtnAdd"
              onClick={[Function]}
            >
              Add
            </button>
          </div>
        </div>
        <div
          className="Livro"
        >
          <div
            className="Card"
          >
            <div
              className="Capa"
            >
              <p
                className="PCapa"
              >
                Capa
              </p>
            </div>
            <p
              className="TituloLivro"
            >
              ONE DAY IN DECEMBER
            </p>
            <p
              className="Autor"
            >
              Josie Silver
            </p>
            <p
              className="Editora"
            >
              Broadway
            </p>
            <p
              className="Data"
            >
              2018-12-30
            </p>
          </div>
          <div
            className="Botoes"
          >
            <button
              className="BtnDescr"
            >
              Descr
            </button>
            <button
              className="BtnAdd"
              onClick={[Function]}
            >
              Add
            </button>
          </div>
        </div>
      </div>
    </div>
    <div>
      <div
        className="Titulo"
      >
        <h2
          className="HeaderTitulo"
        >
          Combined Print and E-Book Nonfiction
        </h2>
        <div
          className="InserirDiv"
        >
          <button
            className="Inserir"
            onClick={[Function]}
          >
            Inserir Livro
          </button>
          <form
            className="FormInserir"
            onSubmit={[Function]}
          >
            <div>
              <input
                className="InserirTitulo"
                onChange={[Function]}
                type="text"
                value=""
              />
              <input
                className="InserirAutor"
                onChange={[Function]}
                type="text"
                value=""
              />
              <input
                className="InserirEditora"
                onChange={[Function]}
                type="text"
                value=""
              />
              <input
                className="InserirData"
                onChange={[Function]}
                type="Date"
                value=""
              />
            </div>
            <input
              type="submit"
            />
          </form>
        </div>
        <button
          className="Buscar"
        >
          Buscar Livro
        </button>
      </div>
      <hr />
      <div
        className="Categoria"
      >
        <div
          className="Livro"
        >
          <div
            className="Card"
          >
            <div
              className="Capa"
            >
              <p
                className="PCapa"
              >
                Capa
              </p>
            </div>
            <p
              className="TituloLivro"
            >
              BECOMING
            </p>
            <p
              className="Autor"
            >
              Michelle Obama
            </p>
            <p
              className="Editora"
            >
              Crown
            </p>
            <p
              className="Data"
            >
              2018-12-30
            </p>
          </div>
          <div
            className="Botoes"
          >
            <button
              className="BtnDescr"
            >
              Descr
            </button>
            <button
              className="BtnAdd"
              onClick={[Function]}
            >
              Add
            </button>
          </div>
        </div>
        <div
          className="Livro"
        >
          <div
            className="Card"
          >
            <div
              className="Capa"
            >
              <p
                className="PCapa"
              >
                Capa
              </p>
            </div>
            <p
              className="TituloLivro"
            >
              THE POINT OF IT ALL
            </p>
            <p
              className="Autor"
            >
              Charles Krauthammer,
            </p>
            <p
              className="Editora"
            >
              Crown Forum
            </p>
            <p
              className="Data"
            >
              2018-12-30
            </p>
          </div>
          <div
            className="Botoes"
          >
            <button
              className="BtnDescr"
            >
              Descr
            </button>
            <button
              className="BtnAdd"
              onClick={[Function]}
            >
              Add
            </button>
          </div>
        </div>
        <div
          className="Livro"
        >
          <div
            className="Card"
          >
            <div
              className="Capa"
            >
              <p
                className="PCapa"
              >
                Capa
              </p>
            </div>
            <p
              className="TituloLivro"
            >
              EDUCATED
            </p>
            <p
              className="Autor"
            >
              Tara Westover
            </p>
            <p
              className="Editora"
            >
              Random House
            </p>
            <p
              className="Data"
            >
              2018-12-30
            </p>
          </div>
          <div
            className="Botoes"
          >
            <button
              className="BtnDescr"
            >
              Descr
            </button>
            <button
              className="BtnAdd"
              onClick={[Function]}
            >
              Add
            </button>
          </div>
        </div>
        <div
          className="Livro"
        >
          <div
            className="Card"
          >
            <div
              className="Capa"
            >
              <p
                className="PCapa"
              >
                Capa
              </p>
            </div>
            <p
              className="TituloLivro"
            >
              KILLING THE SS
            </p>
            <p
              className="Autor"
            >
              Bill O'Reilly and Martin Dugard
            </p>
            <p
              className="Editora"
            >
              Holt
            </p>
            <p
              className="Data"
            >
              2018-12-30
            </p>
          </div>
          <div
            className="Botoes"
          >
            <button
              className="BtnDescr"
            >
              Descr
            </button>
            <button
              className="BtnAdd"
              onClick={[Function]}
            >
              Add
            </button>
          </div>
        </div>
        <div
          className="Livro"
        >
          <div
            className="Card"
          >
            <div
              className="Capa"
            >
              <p
                className="PCapa"
              >
                Capa
              </p>
            </div>
            <p
              className="TituloLivro"
            >
              LEADERSHIP
            </p>
            <p
              className="Autor"
            >
              Doris Kearns Goodwin
            </p>
            <p
              className="Editora"
            >
              Simon & Schuster
            </p>
            <p
              className="Data"
            >
              2018-12-30
            </p>
          </div>
          <div
            className="Botoes"
          >
            <button
              className="BtnDescr"
            >
              Descr
            </button>
            <button
              className="BtnAdd"
              onClick={[Function]}
            >
              Add
            </button>
          </div>
        </div>
        <div
          className="Livro"
        >
          <div
            className="Card"
          >
            <div
              className="Capa"
            >
              <p
                className="PCapa"
              >
                Capa
              </p>
            </div>
            <p
              className="TituloLivro"
            >
              THE FIFTH RISK
            </p>
            <p
              className="Autor"
            >
              Michael Lewis
            </p>
            <p
              className="Editora"
            >
              Norton
            </p>
            <p
              className="Data"
            >
              2018-12-30
            </p>
          </div>
          <div
            className="Botoes"
          >
            <button
              className="BtnDescr"
            >
              Descr
            </button>
            <button
              className="BtnAdd"
              onClick={[Function]}
            >
              Add
            </button>
          </div>
        </div>
        <div
          className="Livro"
        >
          <div
            className="Card"
          >
            <div
              className="Capa"
            >
              <p
                className="PCapa"
              >
                Capa
              </p>
            </div>
            <p
              className="TituloLivro"
            >
              SAPIENS
            </p>
            <p
              className="Autor"
            >
              Yuval Noah Harari
            </p>
            <p
              className="Editora"
            >
              Harper
            </p>
            <p
              className="Data"
            >
              2018-12-30
            </p>
          </div>
          <div
            className="Botoes"
          >
            <button
              className="BtnDescr"
            >
              Descr
            </button>
            <button
              className="BtnAdd"
              onClick={[Function]}
            >
              Add
            </button>
          </div>
        </div>
        <div
          className="Livro"
        >
          <div
            className="Card"
          >
            <div
              className="Capa"
            >
              <p
                className="PCapa"
              >
                Capa
              </p>
            </div>
            <p
              className="TituloLivro"
            >
              BRIEF ANSWERS TO THE BIG QUESTIONS
            </p>
            <p
              className="Autor"
            >
              Stephen Hawking
            </p>
            <p
              className="Editora"
            >
              Bantam
            </p>
            <p
              className="Data"
            >
              2018-12-30
            </p>
          </div>
          <div
            className="Botoes"
          >
            <button
              className="BtnDescr"
            >
              Descr
            </button>
            <button
              className="BtnAdd"
              onClick={[Function]}
            >
              Add
            </button>
          </div>
        </div>
        <div
          className="Livro"
        >
          <div
            className="Card"
          >
            <div
              className="Capa"
            >
              <p
                className="PCapa"
              >
                Capa
              </p>
            </div>
            <p
              className="TituloLivro"
            >
              SHADE
            </p>
            <p
              className="Autor"
            >
              Pete Souza
            </p>
            <p
              className="Editora"
            >
              Little, Brown
            </p>
            <p
              className="Data"
            >
              2018-12-30
            </p>
          </div>
          <div
            className="Botoes"
          >
            <button
              className="BtnDescr"
            >
              Descr
            </button>
            <button
              className="BtnAdd"
              onClick={[Function]}
            >
              Add
            </button>
          </div>
        </div>
        <div
          className="Livro"
        >
          <div
            className="Card"
          >
            <div
              className="Capa"
            >
              <p
                className="PCapa"
              >
                Capa
              </p>
            </div>
            <p
              className="TituloLivro"
            >
              FEAR
            </p>
            <p
              className="Autor"
            >
              Bob Woodward
            </p>
            <p
              className="Editora"
            >
              Simon & Schuster
            </p>
            <p
              className="Data"
            >
              2018-12-30
            </p>
          </div>
          <div
            className="Botoes"
          >
            <button
              className="BtnDescr"
            >
              Descr
            </button>
            <button
              className="BtnAdd"
              onClick={[Function]}
            >
              Add
            </button>
          </div>
        </div>
        <div
          className="Livro"
        >
          <div
            className="Card"
          >
            <div
              className="Capa"
            >
              <p
                className="PCapa"
              >
                Capa
              </p>
            </div>
            <p
              className="TituloLivro"
            >
              BEASTIE BOYS BOOK
            </p>
            <p
              className="Autor"
            >
              Michael Diamond and Adam Horovitz
            </p>
            <p
              className="Editora"
            >
              Spiegel & Grau
            </p>
            <p
              className="Data"
            >
              2018-12-30
            </p>
          </div>
          <div
            className="Botoes"
          >
            <button
              className="BtnDescr"
            >
              Descr
            </button>
            <button
              className="BtnAdd"
              onClick={[Function]}
            >
              Add
            </button>
          </div>
        </div>
        <div
          className="Livro"
        >
          <div
            className="Card"
          >
            <div
              className="Capa"
            >
              <p
                className="PCapa"
              >
                Capa
              </p>
            </div>
            <p
              className="TituloLivro"
            >
              CHURCHILL: WALKING WITH DESTINY
            </p>
            <p
              className="Autor"
            >
              Andrew Roberts
            </p>
            <p
              className="Editora"
            >
              Viking
            </p>
            <p
              className="Data"
            >
              2018-12-30
            </p>
          </div>
          <div
            className="Botoes"
          >
            <button
              className="BtnDescr"
            >
              Descr
            </button>
            <button
              className="BtnAdd"
              onClick={[Function]}
            >
              Add
            </button>
          </div>
        </div>
        <div
          className="Livro"
        >
          <div
            className="Card"
          >
            <div
              className="Capa"
            >
              <p
                className="PCapa"
              >
                Capa
              </p>
            </div>
            <p
              className="TituloLivro"
            >
              SHIP OF FOOLS
            </p>
            <p
              className="Autor"
            >
              Tucker Carlson
            </p>
            <p
              className="Editora"
            >
              Free Press
            </p>
            <p
              className="Data"
            >
              2018-12-30
            </p>
          </div>
          <div
            className="Botoes"
          >
            <button
              className="BtnDescr"
            >
              Descr
            </button>
            <button
              className="BtnAdd"
              onClick={[Function]}
            >
              Add
            </button>
          </div>
        </div>
        <div
          className="Livro"
        >
          <div
            className="Card"
          >
            <div
              className="Capa"
            >
              <p
                className="PCapa"
              >
                Capa
              </p>
            </div>
            <p
              className="TituloLivro"
            >
              BAD BLOOD
            </p>
            <p
              className="Autor"
            >
              John Carreyrou
            </p>
            <p
              className="Editora"
            >
              Knopf
            </p>
            <p
              className="Data"
            >
              2018-12-30
            </p>
          </div>
          <div
            className="Botoes"
          >
            <button
              className="BtnDescr"
            >
              Descr
            </button>
            <button
              className="BtnAdd"
              onClick={[Function]}
            >
              Add
            </button>
          </div>
        </div>
        <div
          className="Livro"
        >
          <div
            className="Card"
          >
            <div
              className="Capa"
            >
              <p
                className="PCapa"
              >
                Capa
              </p>
            </div>
            <p
              className="TituloLivro"
            >
              DESTINY AND POWER
            </p>
            <p
              className="Autor"
            >
              Jon Meacham
            </p>
            <p
              className="Editora"
            >
              Random House
            </p>
            <p
              className="Data"
            >
              2018-12-30
            </p>
          </div>
          <div
            className="Botoes"
          >
            <button
              className="BtnDescr"
            >
              Descr
            </button>
            <button
              className="BtnAdd"
              onClick={[Function]}
            >
              Add
            </button>
          </div>
        </div>
      </div>
    </div>
    <div>
      <div
        className="Titulo"
      >
        <h2
          className="HeaderTitulo"
        >
          Hardcover Fiction
        </h2>
        <div
          className="InserirDiv"
        >
          <button
            className="Inserir"
            onClick={[Function]}
          >
            Inserir Livro
          </button>
          <form
            className="FormInserir"
            onSubmit={[Function]}
          >
            <div>
              <input
                className="InserirTitulo"
                onChange={[Function]}
                type="text"
                value=""
              />
              <input
                className="InserirAutor"
                onChange={[Function]}
                type="text"
                value=""
              />
              <input
                className="InserirEditora"
                onChange={[Function]}
                type="text"
                value=""
              />
              <input
                className="InserirData"
                onChange={[Function]}
                type="Date"
                value=""
              />
            </div>
            <input
              type="submit"
            />
          </form>
        </div>
        <button
          className="Buscar"
        >
          Buscar Livro
        </button>
      </div>
      <hr />
      <div
        className="Categoria"
      >
        <div
          className="Livro"
        >
          <div
            className="Card"
          >
            <div
              className="Capa"
            >
              <p
                className="PCapa"
              >
                Capa
              </p>
            </div>
            <p
              className="TituloLivro"
            >
              THE RECKONING
            </p>
            <p
              className="Autor"
            >
              John Grisham
            </p>
            <p
              className="Editora"
            >
              Doubleday
            </p>
            <p
              className="Data"
            >
              2018-12-30
            </p>
          </div>
          <div
            className="Botoes"
          >
            <button
              className="BtnDescr"
            >
              Descr
            </button>
            <button
              className="BtnAdd"
              onClick={[Function]}
            >
              Add
            </button>
          </div>
        </div>
        <div
          className="Livro"
        >
          <div
            className="Card"
          >
            <div
              className="Capa"
            >
              <p
                className="PCapa"
              >
                Capa
              </p>
            </div>
            <p
              className="TituloLivro"
            >
              FIRE AND BLOOD
            </p>
            <p
              className="Autor"
            >
              George RR Martin
            </p>
            <p
              className="Editora"
            >
              Bantam
            </p>
            <p
              className="Data"
            >
              2018-12-30
            </p>
          </div>
          <div
            className="Botoes"
          >
            <button
              className="BtnDescr"
            >
              Descr
            </button>
            <button
              className="BtnAdd"
              onClick={[Function]}
            >
              Add
            </button>
          </div>
        </div>
        <div
          className="Livro"
        >
          <div
            className="Card"
          >
            <div
              className="Capa"
            >
              <p
                className="PCapa"
              >
                Capa
              </p>
            </div>
            <p
              className="TituloLivro"
            >
              EVERY BREATH
            </p>
            <p
              className="Autor"
            >
              Nicholas Sparks
            </p>
            <p
              className="Editora"
            >
              Grand Central
            </p>
            <p
              className="Data"
            >
              2018-12-30
            </p>
          </div>
          <div
            className="Botoes"
          >
            <button
              className="BtnDescr"
            >
              Descr
            </button>
            <button
              className="BtnAdd"
              onClick={[Function]}
            >
              Add
            </button>
          </div>
        </div>
        <div
          className="Livro"
        >
          <div
            className="Card"
          >
            <div
              className="Capa"
            >
              <p
                className="PCapa"
              >
                Capa
              </p>
            </div>
            <p
              className="TituloLivro"
            >
              WHERE THE CRAWDADS SING
            </p>
            <p
              className="Autor"
            >
              Delia Owens
            </p>
            <p
              className="Editora"
            >
              Putnam
            </p>
            <p
              className="Data"
            >
              2018-12-30
            </p>
          </div>
          <div
            className="Botoes"
          >
            <button
              className="BtnDescr"
            >
              Descr
            </button>
            <button
              className="BtnAdd"
              onClick={[Function]}
            >
              Add
            </button>
          </div>
        </div>
        <div
          className="Livro"
        >
          <div
            className="Card"
          >
            <div
              className="Capa"
            >
              <p
                className="PCapa"
              >
                Capa
              </p>
            </div>
            <p
              className="TituloLivro"
            >
              TARGET: ALEX CROSS
            </p>
            <p
              className="Autor"
            >
              James Patterson
            </p>
            <p
              className="Editora"
            >
              Little, Brown
            </p>
            <p
              className="Data"
            >
              2018-12-30
            </p>
          </div>
          <div
            className="Botoes"
          >
            <button
              className="BtnDescr"
            >
              Descr
            </button>
            <button
              className="BtnAdd"
              onClick={[Function]}
            >
              Add
            </button>
          </div>
        </div>
        <div
          className="Livro"
        >
          <div
            className="Card"
          >
            <div
              className="Capa"
            >
              <p
                className="PCapa"
              >
                Capa
              </p>
            </div>
            <p
              className="TituloLivro"
            >
              THE NEXT PERSON YOU MEET IN HEAVEN
            </p>
            <p
              className="Autor"
            >
              Mitch Albom
            </p>
            <p
              className="Editora"
            >
              Harper
            </p>
            <p
              className="Data"
            >
              2018-12-30
            </p>
          </div>
          <div
            className="Botoes"
          >
            <button
              className="BtnDescr"
            >
              Descr
            </button>
            <button
              className="BtnAdd"
              onClick={[Function]}
            >
              Add
            </button>
          </div>
        </div>
        <div
          className="Livro"
        >
          <div
            className="Card"
          >
            <div
              className="Capa"
            >
              <p
                className="PCapa"
              >
                Capa
              </p>
            </div>
            <p
              className="TituloLivro"
            >
              PAST TENSE
            </p>
            <p
              className="Autor"
            >
              Lee Child
            </p>
            <p
              className="Editora"
            >
              Delacorte
            </p>
            <p
              className="Data"
            >
              2018-12-30
            </p>
          </div>
          <div
            className="Botoes"
          >
            <button
              className="BtnDescr"
            >
              Descr
            </button>
            <button
              className="BtnAdd"
              onClick={[Function]}
            >
              Add
            </button>
          </div>
        </div>
        <div
          className="Livro"
        >
          <div
            className="Card"
          >
            <div
              className="Capa"
            >
              <p
                className="PCapa"
              >
                Capa
              </p>
            </div>
            <p
              className="TituloLivro"
            >
              LONG ROAD TO MERCY
            </p>
            <p
              className="Autor"
            >
              David Baldacci
            </p>
            <p
              className="Editora"
            >
              Grand Central
            </p>
            <p
              className="Data"
            >
              2018-12-30
            </p>
          </div>
          <div
            className="Botoes"
          >
            <button
              className="BtnDescr"
            >
              Descr
            </button>
            <button
              className="BtnAdd"
              onClick={[Function]}
            >
              Add
            </button>
          </div>
        </div>
        <div
          className="Livro"
        >
          <div
            className="Card"
          >
            <div
              className="Capa"
            >
              <p
                className="PCapa"
              >
                Capa
              </p>
            </div>
            <p
              className="TituloLivro"
            >
              NINE PERFECT STRANGERS
            </p>
            <p
              className="Autor"
            >
              Liane Moriarty
            </p>
            <p
              className="Editora"
            >
              Flatiron
            </p>
            <p
              className="Data"
            >
              2018-12-30
            </p>
          </div>
          <div
            className="Botoes"
          >
            <button
              className="BtnDescr"
            >
              Descr
            </button>
            <button
              className="BtnAdd"
              onClick={[Function]}
            >
              Add
            </button>
          </div>
        </div>
        <div
          className="Livro"
        >
          <div
            className="Card"
          >
            <div
              className="Capa"
            >
              <p
                className="PCapa"
              >
                Capa
              </p>
            </div>
            <p
              className="TituloLivro"
            >
              ELEVATION
            </p>
            <p
              className="Autor"
            >
              Stephen King
            </p>
            <p
              className="Editora"
            >
              Scribner
            </p>
            <p
              className="Data"
            >
              2018-12-30
            </p>
          </div>
          <div
            className="Botoes"
          >
            <button
              className="BtnDescr"
            >
              Descr
            </button>
            <button
              className="BtnAdd"
              onClick={[Function]}
            >
              Add
            </button>
          </div>
        </div>
        <div
          className="Livro"
        >
          <div
            className="Card"
          >
            <div
              className="Capa"
            >
              <p
                className="PCapa"
              >
                Capa
              </p>
            </div>
            <p
              className="TituloLivro"
            >
              LOOK ALIVE TWENTY-FIVE
            </p>
            <p
              className="Autor"
            >
              Janet Evanovich
            </p>
            <p
              className="Editora"
            >
              Putnam
            </p>
            <p
              className="Data"
            >
              2018-12-30
            </p>
          </div>
          <div
            className="Botoes"
          >
            <button
              className="BtnDescr"
            >
              Descr
            </button>
            <button
              className="BtnAdd"
              onClick={[Function]}
            >
              Add
            </button>
          </div>
        </div>
        <div
          className="Livro"
        >
          <div
            className="Card"
          >
            <div
              className="Capa"
            >
              <p
                className="PCapa"
              >
                Capa
              </p>
            </div>
            <p
              className="TituloLivro"
            >
              OF BLOOD AND BONE
            </p>
            <p
              className="Autor"
            >
              Nora Roberts
            </p>
            <p
              className="Editora"
            >
              St. Martin's
            </p>
            <p
              className="Data"
            >
              2018-12-30
            </p>
          </div>
          <div
            className="Botoes"
          >
            <button
              className="BtnDescr"
            >
              Descr
            </button>
            <button
              className="BtnAdd"
              onClick={[Function]}
            >
              Add
            </button>
          </div>
        </div>
        <div
          className="Livro"
        >
          <div
            className="Card"
          >
            <div
              className="Capa"
            >
              <p
                className="PCapa"
              >
                Capa
              </p>
            </div>
            <p
              className="TituloLivro"
            >
              KINGDOM OF THE BLIND
            </p>
            <p
              className="Autor"
            >
              Louise Penny
            </p>
            <p
              className="Editora"
            >
              Minotaur
            </p>
            <p
              className="Data"
            >
              2018-12-30
            </p>
          </div>
          <div
            className="Botoes"
          >
            <button
              className="BtnDescr"
            >
              Descr
            </button>
            <button
              className="BtnAdd"
              onClick={[Function]}
            >
              Add
            </button>
          </div>
        </div>
        <div
          className="Livro"
        >
          <div
            className="Card"
          >
            <div
              className="Capa"
            >
              <p
                className="PCapa"
              >
                Capa
              </p>
            </div>
            <p
              className="TituloLivro"
            >
              DARK SACRED NIGHT
            </p>
            <p
              className="Autor"
            >
              Michael Connelly
            </p>
            <p
              className="Editora"
            >
              Little, Brown
            </p>
            <p
              className="Data"
            >
              2018-12-30
            </p>
          </div>
          <div
            className="Botoes"
          >
            <button
              className="BtnDescr"
            >
              Descr
            </button>
            <button
              className="BtnAdd"
              onClick={[Function]}
            >
              Add
            </button>
          </div>
        </div>
        <div
          className="Livro"
        >
          <div
            className="Card"
          >
            <div
              className="Capa"
            >
              <p
                className="PCapa"
              >
                Capa
              </p>
            </div>
            <p
              className="TituloLivro"
            >
              TOM CLANCY: OATH OF OFFICE
            </p>
            <p
              className="Autor"
            >
              Marc Cameron
            </p>
            <p
              className="Editora"
            >
              Putnam
            </p>
            <p
              className="Data"
            >
              2018-12-30
            </p>
          </div>
          <div
            className="Botoes"
          >
            <button
              className="BtnDescr"
            >
              Descr
            </button>
            <button
              className="BtnAdd"
              onClick={[Function]}
            >
              Add
            </button>
          </div>
        </div>
      </div>
    </div>
    <div>
      <div
        className="Titulo"
      >
        <h2
          className="HeaderTitulo"
        >
          Hardcover Nonfiction
        </h2>
        <div
          className="InserirDiv"
        >
          <button
            className="Inserir"
            onClick={[Function]}
          >
            Inserir Livro
          </button>
          <form
            className="FormInserir"
            onSubmit={[Function]}
          >
            <div>
              <input
                className="InserirTitulo"
                onChange={[Function]}
                type="text"
                value=""
              />
              <input
                className="InserirAutor"
                onChange={[Function]}
                type="text"
                value=""
              />
              <input
                className="InserirEditora"
                onChange={[Function]}
                type="text"
                value=""
              />
              <input
                className="InserirData"
                onChange={[Function]}
                type="Date"
                value=""
              />
            </div>
            <input
              type="submit"
            />
          </form>
        </div>
        <button
          className="Buscar"
        >
          Buscar Livro
        </button>
      </div>
      <hr />
      <div
        className="Categoria"
      >
        <div
          className="Livro"
        >
          <div
            className="Card"
          >
            <div
              className="Capa"
            >
              <p
                className="PCapa"
              >
                Capa
              </p>
            </div>
            <p
              className="TituloLivro"
            >
              BECOMING
            </p>
            <p
              className="Autor"
            >
              Michelle Obama
            </p>
            <p
              className="Editora"
            >
              Crown
            </p>
            <p
              className="Data"
            >
              2018-12-30
            </p>
          </div>
          <div
            className="Botoes"
          >
            <button
              className="BtnDescr"
            >
              Descr
            </button>
            <button
              className="BtnAdd"
              onClick={[Function]}
            >
              Add
            </button>
          </div>
        </div>
        <div
          className="Livro"
        >
          <div
            className="Card"
          >
            <div
              className="Capa"
            >
              <p
                className="PCapa"
              >
                Capa
              </p>
            </div>
            <p
              className="TituloLivro"
            >
              THE POINT OF IT ALL
            </p>
            <p
              className="Autor"
            >
              Charles Krauthammer,
            </p>
            <p
              className="Editora"
            >
              Crown Forum
            </p>
            <p
              className="Data"
            >
              2018-12-30
            </p>
          </div>
          <div
            className="Botoes"
          >
            <button
              className="BtnDescr"
            >
              Descr
            </button>
            <button
              className="BtnAdd"
              onClick={[Function]}
            >
              Add
            </button>
          </div>
        </div>
        <div
          className="Livro"
        >
          <div
            className="Card"
          >
            <div
              className="Capa"
            >
              <p
                className="PCapa"
              >
                Capa
              </p>
            </div>
            <p
              className="TituloLivro"
            >
              EDUCATED
            </p>
            <p
              className="Autor"
            >
              Tara Westover
            </p>
            <p
              className="Editora"
            >
              Random House
            </p>
            <p
              className="Data"
            >
              2018-12-30
            </p>
          </div>
          <div
            className="Botoes"
          >
            <button
              className="BtnDescr"
            >
              Descr
            </button>
            <button
              className="BtnAdd"
              onClick={[Function]}
            >
              Add
            </button>
          </div>
        </div>
        <div
          className="Livro"
        >
          <div
            className="Card"
          >
            <div
              className="Capa"
            >
              <p
                className="PCapa"
              >
                Capa
              </p>
            </div>
            <p
              className="TituloLivro"
            >
              KILLING THE SS
            </p>
            <p
              className="Autor"
            >
              Bill O'Reilly and Martin Dugard
            </p>
            <p
              className="Editora"
            >
              Holt
            </p>
            <p
              className="Data"
            >
              2018-12-30
            </p>
          </div>
          <div
            className="Botoes"
          >
            <button
              className="BtnDescr"
            >
              Descr
            </button>
            <button
              className="BtnAdd"
              onClick={[Function]}
            >
              Add
            </button>
          </div>
        </div>
        <div
          className="Livro"
        >
          <div
            className="Card"
          >
            <div
              className="Capa"
            >
              <p
                className="PCapa"
              >
                Capa
              </p>
            </div>
            <p
              className="TituloLivro"
            >
              LEADERSHIP
            </p>
            <p
              className="Autor"
            >
              Doris Kearns Goodwin
            </p>
            <p
              className="Editora"
            >
              Simon & Schuster
            </p>
            <p
              className="Data"
            >
              2018-12-30
            </p>
          </div>
          <div
            className="Botoes"
          >
            <button
              className="BtnDescr"
            >
              Descr
            </button>
            <button
              className="BtnAdd"
              onClick={[Function]}
            >
              Add
            </button>
          </div>
        </div>
        <div
          className="Livro"
        >
          <div
            className="Card"
          >
            <div
              className="Capa"
            >
              <p
                className="PCapa"
              >
                Capa
              </p>
            </div>
            <p
              className="TituloLivro"
            >
              BRIEF ANSWERS TO THE BIG QUESTIONS
            </p>
            <p
              className="Autor"
            >
              Stephen Hawking
            </p>
            <p
              className="Editora"
            >
              Bantam
            </p>
            <p
              className="Data"
            >
              2018-12-30
            </p>
          </div>
          <div
            className="Botoes"
          >
            <button
              className="BtnDescr"
            >
              Descr
            </button>
            <button
              className="BtnAdd"
              onClick={[Function]}
            >
              Add
            </button>
          </div>
        </div>
        <div
          className="Livro"
        >
          <div
            className="Card"
          >
            <div
              className="Capa"
            >
              <p
                className="PCapa"
              >
                Capa
              </p>
            </div>
            <p
              className="TituloLivro"
            >
              THE FIFTH RISK
            </p>
            <p
              className="Autor"
            >
              Michael Lewis
            </p>
            <p
              className="Editora"
            >
              Norton
            </p>
            <p
              className="Data"
            >
              2018-12-30
            </p>
          </div>
          <div
            className="Botoes"
          >
            <button
              className="BtnDescr"
            >
              Descr
            </button>
            <button
              className="BtnAdd"
              onClick={[Function]}
            >
              Add
            </button>
          </div>
        </div>
        <div
          className="Livro"
        >
          <div
            className="Card"
          >
            <div
              className="Capa"
            >
              <p
                className="PCapa"
              >
                Capa
              </p>
            </div>
            <p
              className="TituloLivro"
            >
              SHADE
            </p>
            <p
              className="Autor"
            >
              Pete Souza
            </p>
            <p
              className="Editora"
            >
              Little, Brown
            </p>
            <p
              className="Data"
            >
              2018-12-30
            </p>
          </div>
          <div
            className="Botoes"
          >
            <button
              className="BtnDescr"
            >
              Descr
            </button>
            <button
              className="BtnAdd"
              onClick={[Function]}
            >
              Add
            </button>
          </div>
        </div>
        <div
          className="Livro"
        >
          <div
            className="Card"
          >
            <div
              className="Capa"
            >
              <p
                className="PCapa"
              >
                Capa
              </p>
            </div>
            <p
              className="TituloLivro"
            >
              BEASTIE BOYS BOOK
            </p>
            <p
              className="Autor"
            >
              Michael Diamond and Adam Horovitz
            </p>
            <p
              className="Editora"
            >
              Spiegel & Grau
            </p>
            <p
              className="Data"
            >
              2018-12-30
            </p>
          </div>
          <div
            className="Botoes"
          >
            <button
              className="BtnDescr"
            >
              Descr
            </button>
            <button
              className="BtnAdd"
              onClick={[Function]}
            >
              Add
            </button>
          </div>
        </div>
        <div
          className="Livro"
        >
          <div
            className="Card"
          >
            <div
              className="Capa"
            >
              <p
                className="PCapa"
              >
                Capa
              </p>
            </div>
            <p
              className="TituloLivro"
            >
              FEAR
            </p>
            <p
              className="Autor"
            >
              Bob Woodward
            </p>
            <p
              className="Editora"
            >
              Simon & Schuster
            </p>
            <p
              className="Data"
            >
              2018-12-30
            </p>
          </div>
          <div
            className="Botoes"
          >
            <button
              className="BtnDescr"
            >
              Descr
            </button>
            <button
              className="BtnAdd"
              onClick={[Function]}
            >
              Add
            </button>
          </div>
        </div>
        <div
          className="Livro"
        >
          <div
            className="Card"
          >
            <div
              className="Capa"
            >
              <p
                className="PCapa"
              >
                Capa
              </p>
            </div>
            <p
              className="TituloLivro"
            >
              SHIP OF FOOLS
            </p>
            <p
              className="Autor"
            >
              Tucker Carlson
            </p>
            <p
              className="Editora"
            >
              Free Press
            </p>
            <p
              className="Data"
            >
              2018-12-30
            </p>
          </div>
          <div
            className="Botoes"
          >
            <button
              className="BtnDescr"
            >
              Descr
            </button>
            <button
              className="BtnAdd"
              onClick={[Function]}
            >
              Add
            </button>
          </div>
        </div>
        <div
          className="Livro"
        >
          <div
            className="Card"
          >
            <div
              className="Capa"
            >
              <p
                className="PCapa"
              >
                Capa
              </p>
            </div>
            <p
              className="TituloLivro"
            >
              CHURCHILL: WALKING WITH DESTINY
            </p>
            <p
              className="Autor"
            >
              Andrew Roberts
            </p>
            <p
              className="Editora"
            >
              Viking
            </p>
            <p
              className="Data"
            >
              2018-12-30
            </p>
          </div>
          <div
            className="Botoes"
          >
            <button
              className="BtnDescr"
            >
              Descr
            </button>
            <button
              className="BtnAdd"
              onClick={[Function]}
            >
              Add
            </button>
          </div>
        </div>
        <div
          className="Livro"
        >
          <div
            className="Card"
          >
            <div
              className="Capa"
            >
              <p
                className="PCapa"
              >
                Capa
              </p>
            </div>
            <p
              className="TituloLivro"
            >
              PRESIDENTS OF WAR
            </p>
            <p
              className="Autor"
            >
              Michael Beschloss
            </p>
            <p
              className="Editora"
            >
              Crown
            </p>
            <p
              className="Data"
            >
              2018-12-30
            </p>
          </div>
          <div
            className="Botoes"
          >
            <button
              className="BtnDescr"
            >
              Descr
            </button>
            <button
              className="BtnAdd"
              onClick={[Function]}
            >
              Add
            </button>
          </div>
        </div>
        <div
          className="Livro"
        >
          <div
            className="Card"
          >
            <div
              className="Capa"
            >
              <p
                className="PCapa"
              >
                Capa
              </p>
            </div>
            <p
              className="TituloLivro"
            >
              THE LIBRARY BOOK
            </p>
            <p
              className="Autor"
            >
              Susan Orlean
            </p>
            <p
              className="Editora"
            >
              Simon & Schuster
            </p>
            <p
              className="Data"
            >
              2018-12-30
            </p>
          </div>
          <div
            className="Botoes"
          >
            <button
              className="BtnDescr"
            >
              Descr
            </button>
            <button
              className="BtnAdd"
              onClick={[Function]}
            >
              Add
            </button>
          </div>
        </div>
        <div
          className="Livro"
        >
          <div
            className="Card"
          >
            <div
              className="Capa"
            >
              <p
                className="PCapa"
              >
                Capa
              </p>
            </div>
            <p
              className="TituloLivro"
            >
              OBAMA
            </p>
            <p
              className="Autor"
            >
              Pete Souza
            </p>
            <p
              className="Editora"
            >
              Little, Brown
            </p>
            <p
              className="Data"
            >
              2018-12-30
            </p>
          </div>
          <div
            className="Botoes"
          >
            <button
              className="BtnDescr"
            >
              Descr
            </button>
            <button
              className="BtnAdd"
              onClick={[Function]}
            >
              Add
            </button>
          </div>
        </div>
      </div>
    </div>
  </div>
</div>
`;
