// Jest Snapshot v1, https://goo.gl/fbAQLP

exports[`Titulo Testando interface com snapshots 1`] = `
<div
  className="Titulo"
>
  <h2
    className="HeaderTitulo"
  />
  <div
    className="InserirDiv"
  >
    <button
      className="Inserir"
      onClick={[Function]}
    >
      Inserir Livro
    </button>
    <form
      className="FormInserir"
      onSubmit={[Function]}
    >
      <div>
        <input
          className="InserirTitulo"
          onChange={[Function]}
          type="text"
          value=""
        />
        <input
          className="InserirAutor"
          onChange={[Function]}
          type="text"
          value=""
        />
        <input
          className="InserirEditora"
          onChange={[Function]}
          type="text"
          value=""
        />
        <input
          className="InserirData"
          onChange={[Function]}
          type="Date"
          value=""
        />
      </div>
      <input
        type="submit"
      />
    </form>
  </div>
  <button
    className="Buscar"
  >
    Buscar Livro
  </button>
</div>
`;
